Archive member included because of file (symbol)

c:/windows/arm-2011.03-coocox/bin/../lib/gcc/arm-none-eabi/4.5.2/../../../../arm-none-eabi/lib/thumb2\libc.a(lib_a-memcpy.o)
                              ..\obj\queue.o (memcpy)
c:/windows/arm-2011.03-coocox/bin/../lib/gcc/arm-none-eabi/4.5.2/../../../../arm-none-eabi/lib/thumb2\libc.a(lib_a-memset.o)
                              ..\obj\tasks.o (memset)
c:/windows/arm-2011.03-coocox/bin/../lib/gcc/arm-none-eabi/4.5.2/../../../../arm-none-eabi/lib/thumb2\libc.a(lib_a-strncpy.o)
                              ..\obj\tasks.o (strncpy)

Discarded input sections

 .text          0x00000000        0x0 ..\obj\stm32f4xx_sdio.o
 .data          0x00000000        0x0 ..\obj\stm32f4xx_sdio.o
 .bss           0x00000000        0x0 ..\obj\stm32f4xx_sdio.o
 .text.SDIO_DeInit
                0x00000000       0x20 ..\obj\stm32f4xx_sdio.o
 .text.SDIO_Init
                0x00000000       0x64 ..\obj\stm32f4xx_sdio.o
 .text.SDIO_StructInit
                0x00000000       0x44 ..\obj\stm32f4xx_sdio.o
 .text.SDIO_ClockCmd
                0x00000000       0x20 ..\obj\stm32f4xx_sdio.o
 .text.SDIO_SetPowerState
                0x00000000       0x1c ..\obj\stm32f4xx_sdio.o
 .text.SDIO_GetPowerState
                0x00000000       0x18 ..\obj\stm32f4xx_sdio.o
 .text.SDIO_SendCommand
                0x00000000       0x5c ..\obj\stm32f4xx_sdio.o
 .text.SDIO_CmdStructInit
                0x00000000       0x3c ..\obj\stm32f4xx_sdio.o
 .text.SDIO_GetCommandResponse
                0x00000000       0x18 ..\obj\stm32f4xx_sdio.o
 .text.SDIO_GetResponse
                0x00000000       0x2c ..\obj\stm32f4xx_sdio.o
 .text.SDIO_DataConfig
                0x00000000       0x60 ..\obj\stm32f4xx_sdio.o
 .text.SDIO_DataStructInit
                0x00000000       0x44 ..\obj\stm32f4xx_sdio.o
 .text.SDIO_GetDataCounter
                0x00000000       0x14 ..\obj\stm32f4xx_sdio.o
 .text.SDIO_ReadData
                0x00000000       0x18 ..\obj\stm32f4xx_sdio.o
 .text.SDIO_WriteData
                0x00000000       0x20 ..\obj\stm32f4xx_sdio.o
 .text.SDIO_GetFIFOCount
                0x00000000       0x14 ..\obj\stm32f4xx_sdio.o
 .text.SDIO_StartSDIOReadWait
                0x00000000       0x20 ..\obj\stm32f4xx_sdio.o
 .text.SDIO_StopSDIOReadWait
                0x00000000       0x20 ..\obj\stm32f4xx_sdio.o
 .text.SDIO_SetSDIOReadWaitMode
                0x00000000       0x1c ..\obj\stm32f4xx_sdio.o
 .text.SDIO_SetSDIOOperation
                0x00000000       0x20 ..\obj\stm32f4xx_sdio.o
 .text.SDIO_SendSDIOSuspendCmd
                0x00000000       0x20 ..\obj\stm32f4xx_sdio.o
 .text.SDIO_CommandCompletionCmd
                0x00000000       0x20 ..\obj\stm32f4xx_sdio.o
 .text.SDIO_CEATAITCmd
                0x00000000       0x2c ..\obj\stm32f4xx_sdio.o
 .text.SDIO_SendCEATACmd
                0x00000000       0x20 ..\obj\stm32f4xx_sdio.o
 .text.SDIO_DMACmd
                0x00000000       0x20 ..\obj\stm32f4xx_sdio.o
 .text.SDIO_ITConfig
                0x00000000       0x44 ..\obj\stm32f4xx_sdio.o
 .text.SDIO_GetFlagStatus
                0x00000000       0x3c ..\obj\stm32f4xx_sdio.o
 .text.SDIO_ClearFlag
                0x00000000       0x1c ..\obj\stm32f4xx_sdio.o
 .text.SDIO_GetITStatus
                0x00000000       0x3c ..\obj\stm32f4xx_sdio.o
 .text.SDIO_ClearITPendingBit
                0x00000000       0x1c ..\obj\stm32f4xx_sdio.o
 .text          0x00000000        0x0 ..\obj\startup_stm32f4xx.o
 .data          0x00000000        0x0 ..\obj\startup_stm32f4xx.o
 .bss           0x00000000        0x0 ..\obj\startup_stm32f4xx.o
 .text          0x00000000        0x0 ..\obj\main.o
 .data          0x00000000        0x0 ..\obj\main.o
 .bss           0x00000000        0x0 ..\obj\main.o
 .text          0x00000000        0x0 ..\obj\stm32f4xx_rcc.o
 .data          0x00000000       0x10 ..\obj\stm32f4xx_rcc.o
 .bss           0x00000000        0x0 ..\obj\stm32f4xx_rcc.o
 .text.RCC_DeInit
                0x00000000       0x50 ..\obj\stm32f4xx_rcc.o
 .text.RCC_HSEConfig
                0x00000000       0x28 ..\obj\stm32f4xx_rcc.o
 .text.RCC_WaitForHSEStartUp
                0x00000000       0x64 ..\obj\stm32f4xx_rcc.o
 .text.RCC_AdjustHSICalibrationValue
                0x00000000       0x40 ..\obj\stm32f4xx_rcc.o
 .text.RCC_HSICmd
                0x00000000       0x20 ..\obj\stm32f4xx_rcc.o
 .text.RCC_LSEConfig
                0x00000000       0x48 ..\obj\stm32f4xx_rcc.o
 .text.RCC_LSICmd
                0x00000000       0x20 ..\obj\stm32f4xx_rcc.o
 .text.RCC_PLLConfig
                0x00000000       0x48 ..\obj\stm32f4xx_rcc.o
 .text.RCC_PLLCmd
                0x00000000       0x20 ..\obj\stm32f4xx_rcc.o
 .text.RCC_PLLI2SConfig
                0x00000000       0x30 ..\obj\stm32f4xx_rcc.o
 .text.RCC_PLLI2SCmd
                0x00000000       0x20 ..\obj\stm32f4xx_rcc.o
 .text.RCC_ClockSecuritySystemCmd
                0x00000000       0x20 ..\obj\stm32f4xx_rcc.o
 .text.RCC_MCO1Config
                0x00000000       0x44 ..\obj\stm32f4xx_rcc.o
 .text.RCC_MCO2Config
                0x00000000       0x44 ..\obj\stm32f4xx_rcc.o
 .text.RCC_SYSCLKConfig
                0x00000000       0x3c ..\obj\stm32f4xx_rcc.o
 .text.RCC_GetSYSCLKSource
                0x00000000       0x1c ..\obj\stm32f4xx_rcc.o
 .text.RCC_HCLKConfig
                0x00000000       0x3c ..\obj\stm32f4xx_rcc.o
 .text.RCC_PCLK1Config
                0x00000000       0x3c ..\obj\stm32f4xx_rcc.o
 .text.RCC_PCLK2Config
                0x00000000       0x40 ..\obj\stm32f4xx_rcc.o
 .text.RCC_GetClocksFreq
                0x00000000      0x17c ..\obj\stm32f4xx_rcc.o
 .text.RCC_RTCCLKConfig
                0x00000000       0x64 ..\obj\stm32f4xx_rcc.o
 .text.RCC_RTCCLKCmd
                0x00000000       0x20 ..\obj\stm32f4xx_rcc.o
 .text.RCC_BackupResetCmd
                0x00000000       0x20 ..\obj\stm32f4xx_rcc.o
 .text.RCC_I2SCLKConfig
                0x00000000       0x1c ..\obj\stm32f4xx_rcc.o
 .text.RCC_AHB2PeriphClockCmd
                0x00000000       0x44 ..\obj\stm32f4xx_rcc.o
 .text.RCC_AHB3PeriphClockCmd
                0x00000000       0x44 ..\obj\stm32f4xx_rcc.o
 .text.RCC_APB1PeriphClockCmd
                0x00000000       0x44 ..\obj\stm32f4xx_rcc.o
 .text.RCC_APB2PeriphClockCmd
                0x00000000       0x44 ..\obj\stm32f4xx_rcc.o
 .text.RCC_AHB1PeriphResetCmd
                0x00000000       0x44 ..\obj\stm32f4xx_rcc.o
 .text.RCC_AHB2PeriphResetCmd
                0x00000000       0x44 ..\obj\stm32f4xx_rcc.o
 .text.RCC_AHB3PeriphResetCmd
                0x00000000       0x44 ..\obj\stm32f4xx_rcc.o
 .text.RCC_APB1PeriphResetCmd
                0x00000000       0x44 ..\obj\stm32f4xx_rcc.o
 .text.RCC_APB2PeriphResetCmd
                0x00000000       0x44 ..\obj\stm32f4xx_rcc.o
 .text.RCC_AHB1PeriphClockLPModeCmd
                0x00000000       0x44 ..\obj\stm32f4xx_rcc.o
 .text.RCC_AHB2PeriphClockLPModeCmd
                0x00000000       0x44 ..\obj\stm32f4xx_rcc.o
 .text.RCC_AHB3PeriphClockLPModeCmd
                0x00000000       0x44 ..\obj\stm32f4xx_rcc.o
 .text.RCC_APB1PeriphClockLPModeCmd
                0x00000000       0x44 ..\obj\stm32f4xx_rcc.o
 .text.RCC_APB2PeriphClockLPModeCmd
                0x00000000       0x44 ..\obj\stm32f4xx_rcc.o
 .text.RCC_ITConfig
                0x00000000       0x50 ..\obj\stm32f4xx_rcc.o
 .text.RCC_GetFlagStatus
                0x00000000       0x84 ..\obj\stm32f4xx_rcc.o
 .text.RCC_ClearFlag
                0x00000000       0x1c ..\obj\stm32f4xx_rcc.o
 .text.RCC_GetITStatus
                0x00000000       0x40 ..\obj\stm32f4xx_rcc.o
 .text.RCC_ClearITPendingBit
                0x00000000       0x20 ..\obj\stm32f4xx_rcc.o
 .text          0x00000000        0x0 ..\obj\timers.o
 .data          0x00000000        0x0 ..\obj\timers.o
 .bss           0x00000000        0x0 ..\obj\timers.o
 .text          0x00000000        0x0 ..\obj\tasks.o
 .text.vTaskDelete
                0x00000000       0xa4 ..\obj\tasks.o
 .text.vTaskDelayUntil
                0x00000000       0xa0 ..\obj\tasks.o
 .text.uxTaskPriorityGet
                0x00000000       0x38 ..\obj\tasks.o
 .text.vTaskPrioritySet
                0x00000000      0x11c ..\obj\tasks.o
 .text.vTaskSuspend
                0x00000000       0xa4 ..\obj\tasks.o
 .text.xTaskIsTaskSuspended
                0x00000000       0x4c ..\obj\tasks.o
 .text.vTaskResume
                0x00000000       0x9c ..\obj\tasks.o
 .text.xTaskResumeFromISR
                0x00000000       0xbc ..\obj\tasks.o
 .text.vTaskEndScheduler
                0x00000000       0x1c ..\obj\tasks.o
 .text.xTaskGetTickCount
                0x00000000       0x24 ..\obj\tasks.o
 .text.xTaskGetTickCountFromISR
                0x00000000       0x28 ..\obj\tasks.o
 .text.uxTaskGetNumberOfTasks
                0x00000000       0x14 ..\obj\tasks.o
 .text.vTaskPlaceOnEventList
                0x00000000       0x68 ..\obj\tasks.o
 .text.xTaskRemoveFromEventList
                0x00000000       0xb4 ..\obj\tasks.o
 .text.vTaskSetTimeOutState
                0x00000000       0x2c ..\obj\tasks.o
 .text.xTaskCheckForTimeOut
                0x00000000       0x94 ..\obj\tasks.o
 .text.vTaskMissedYield
                0x00000000       0x18 ..\obj\tasks.o
 .text.xTaskGetCurrentTaskHandle
                0x00000000       0x20 ..\obj\tasks.o
 .text.vTaskPriorityInherit
                0x00000000       0xbc ..\obj\tasks.o
 .text.vTaskPriorityDisinherit
                0x00000000       0x88 ..\obj\tasks.o
 .text          0x00000000        0x0 ..\obj\stm32f4xx_gpio.o
 .data          0x00000000        0x0 ..\obj\stm32f4xx_gpio.o
 .bss           0x00000000        0x0 ..\obj\stm32f4xx_gpio.o
 .text.GPIO_DeInit
                0x00000000      0x164 ..\obj\stm32f4xx_gpio.o
 .text.GPIO_StructInit
                0x00000000       0x3c ..\obj\stm32f4xx_gpio.o
 .text.GPIO_PinLockConfig
                0x00000000       0x44 ..\obj\stm32f4xx_gpio.o
 .text.GPIO_ReadInputDataBit
                0x00000000       0x3c ..\obj\stm32f4xx_gpio.o
 .text.GPIO_ReadInputData
                0x00000000       0x1c ..\obj\stm32f4xx_gpio.o
 .text.GPIO_ReadOutputDataBit
                0x00000000       0x3c ..\obj\stm32f4xx_gpio.o
 .text.GPIO_ReadOutputData
                0x00000000       0x1c ..\obj\stm32f4xx_gpio.o
 .text.GPIO_WriteBit
                0x00000000       0x30 ..\obj\stm32f4xx_gpio.o
 .text.GPIO_Write
                0x00000000       0x1c ..\obj\stm32f4xx_gpio.o
 .text.GPIO_ToggleBits
                0x00000000       0x24 ..\obj\stm32f4xx_gpio.o
 .text.GPIO_PinAFConfig
                0x00000000       0xac ..\obj\stm32f4xx_gpio.o
 .text          0x00000000        0x0 ..\obj\list.o
 .data          0x00000000        0x0 ..\obj\list.o
 .bss           0x00000000        0x0 ..\obj\list.o
 .text          0x00000000        0x0 ..\obj\system_stm32f4xx.o
 .data          0x00000000       0x14 ..\obj\system_stm32f4xx.o
 .bss           0x00000000        0x0 ..\obj\system_stm32f4xx.o
 .text.SystemInit
                0x00000000       0x6c ..\obj\system_stm32f4xx.o
 .text.SystemCoreClockUpdate
                0x00000000      0x114 ..\obj\system_stm32f4xx.o
 .text.SetSysClock
                0x00000000      0x100 ..\obj\system_stm32f4xx.o
 .text          0x00000000        0x0 ..\obj\port.o
 .bss           0x00000000        0x0 ..\obj\port.o
 .rodata        0x00000000        0x4 ..\obj\port.o
 .text.vPortEndScheduler
                0x00000000        0xc ..\obj\port.o
 .text          0x00000000        0x0 ..\obj\queue.o
 .data          0x00000000        0x0 ..\obj\queue.o
 .bss           0x00000000        0x0 ..\obj\queue.o
 .text.xQueueGenericReset
                0x00000000       0xb0 ..\obj\queue.o
 .text.xQueueGenericCreate
                0x00000000       0x80 ..\obj\queue.o
 .text.xQueueCreateMutex
                0x00000000       0x9c ..\obj\queue.o
 .text.xQueueGenericSend
                0x00000000      0x120 ..\obj\queue.o
 .text.xQueueGenericSendFromISR
                0x00000000       0x8c ..\obj\queue.o
 .text.xQueueGenericReceive
                0x00000000      0x188 ..\obj\queue.o
 .text.xQueueReceiveFromISR
                0x00000000       0x90 ..\obj\queue.o
 .text.uxQueueMessagesWaiting
                0x00000000       0x24 ..\obj\queue.o
 .text.uxQueueMessagesWaitingFromISR
                0x00000000       0x1c ..\obj\queue.o
 .text.vQueueDelete
                0x00000000       0x20 ..\obj\queue.o
 .text.prvCopyDataToQueue
                0x00000000       0xc4 ..\obj\queue.o
 .text.prvCopyDataFromQueue
                0x00000000       0x50 ..\obj\queue.o
 .text.prvUnlockQueue
                0x00000000       0xa0 ..\obj\queue.o
 .text.prvIsQueueEmpty
                0x00000000       0x2c ..\obj\queue.o
 .text.xQueueIsQueueEmptyFromISR
                0x00000000       0x24 ..\obj\queue.o
 .text.prvIsQueueFull
                0x00000000       0x30 ..\obj\queue.o
 .text.xQueueIsQueueFullFromISR
                0x00000000       0x28 ..\obj\queue.o
 .text          0x00000000        0x0 ..\obj\croutine.o
 .data          0x00000000        0x0 ..\obj\croutine.o
 .bss           0x00000000       0x80 ..\obj\croutine.o
 .text.xCoRoutineCreate
                0x00000000       0xe4 ..\obj\croutine.o
 .text.vCoRoutineAddToDelayedList
                0x00000000       0x8c ..\obj\croutine.o
 .text.prvCheckPendingReadyList
                0x00000000       0x88 ..\obj\croutine.o
 .text.prvCheckDelayedList
                0x00000000      0x110 ..\obj\croutine.o
 .text.vCoRoutineSchedule
                0x00000000       0xb8 ..\obj\croutine.o
 .text.prvInitialiseCoRoutineLists
                0x00000000       0x74 ..\obj\croutine.o
 .text.xCoRoutineRemoveFromEventList
                0x00000000       0x5c ..\obj\croutine.o
 .text          0x00000000        0x0 ..\obj\misc.o
 .data          0x00000000        0x0 ..\obj\misc.o
 .bss           0x00000000        0x0 ..\obj\misc.o
 .text.NVIC_PriorityGroupConfig
                0x00000000       0x24 ..\obj\misc.o
 .text.NVIC_Init
                0x00000000       0xd8 ..\obj\misc.o
 .text.NVIC_SetVectorTable
                0x00000000       0x2c ..\obj\misc.o
 .text.NVIC_SystemLPConfig
                0x00000000       0x44 ..\obj\misc.o
 .text.SysTick_CLKSourceConfig
                0x00000000       0x38 ..\obj\misc.o
 .text          0x00000000        0x0 ..\obj\heap_2.o
 .text.xPortGetFreeHeapSize
                0x00000000       0x14 ..\obj\heap_2.o
 .text.vPortInitialiseBlocks
                0x00000000        0xc ..\obj\heap_2.o
 .text          0x00000000      0x150 c:/windows/arm-2011.03-coocox/bin/../lib/gcc/arm-none-eabi/4.5.2/../../../../arm-none-eabi/lib/thumb2\libc.a(lib_a-memcpy.o)
 .data          0x00000000        0x0 c:/windows/arm-2011.03-coocox/bin/../lib/gcc/arm-none-eabi/4.5.2/../../../../arm-none-eabi/lib/thumb2\libc.a(lib_a-memcpy.o)
 .bss           0x00000000        0x0 c:/windows/arm-2011.03-coocox/bin/../lib/gcc/arm-none-eabi/4.5.2/../../../../arm-none-eabi/lib/thumb2\libc.a(lib_a-memcpy.o)
 .data          0x00000000        0x0 c:/windows/arm-2011.03-coocox/bin/../lib/gcc/arm-none-eabi/4.5.2/../../../../arm-none-eabi/lib/thumb2\libc.a(lib_a-memset.o)
 .bss           0x00000000        0x0 c:/windows/arm-2011.03-coocox/bin/../lib/gcc/arm-none-eabi/4.5.2/../../../../arm-none-eabi/lib/thumb2\libc.a(lib_a-memset.o)
 .data          0x00000000        0x0 c:/windows/arm-2011.03-coocox/bin/../lib/gcc/arm-none-eabi/4.5.2/../../../../arm-none-eabi/lib/thumb2\libc.a(lib_a-strncpy.o)
 .bss           0x00000000        0x0 c:/windows/arm-2011.03-coocox/bin/../lib/gcc/arm-none-eabi/4.5.2/../../../../arm-none-eabi/lib/thumb2\libc.a(lib_a-strncpy.o)

Memory Configuration

Name             Origin             Length             Attributes
rom              0x08000000         0x00100000         xr
ram              0x20000000         0x00020000         xrw
ram1             0x10000000         0x00010000         xrw
*default*        0x00000000         0xffffffff

Linker script and memory map

                0x20020000                _eram = 0x20020000

.text           0x08000000     0x1442
 *(.isr_vector .isr_vector.*)
 .isr_vector    0x08000000      0x188 ..\obj\startup_stm32f4xx.o
                0x08000000                g_pfnVectors
 *(.text .text.* .gnu.linkonce.t.*)
 .text.Default_Reset_Handler
                0x08000188       0x74 ..\obj\startup_stm32f4xx.o
                0x08000188                Default_Reset_Handler
                0x08000188                Reset_Handler
 .text.Default_Handler
                0x080001fc        0x8 ..\obj\startup_stm32f4xx.o
                0x080001fc                RTC_Alarm_IRQHandler
                0x080001fc                HASH_RNG_IRQHandler
                0x080001fc                EXTI2_IRQHandler
                0x080001fc                TIM8_CC_IRQHandler
                0x080001fc                DebugMon_Handler
                0x080001fc                TIM1_CC_IRQHandler
                0x080001fc                DMA2_Stream5_IRQHandler
                0x080001fc                HardFault_Handler
                0x080001fc                DMA1_Stream5_IRQHandler
                0x080001fc                PVD_IRQHandler
                0x080001fc                SDIO_IRQHandler
                0x080001fc                TAMP_STAMP_IRQHandler
                0x080001fc                NMI_Handler
                0x080001fc                CAN2_RX1_IRQHandler
                0x080001fc                EXTI3_IRQHandler
                0x080001fc                TIM8_TRG_COM_TIM14_IRQHandler
                0x080001fc                TIM1_UP_TIM10_IRQHandler
                0x080001fc                TIM8_UP_TIM13_IRQHandler
                0x080001fc                I2C3_ER_IRQHandler
                0x080001fc                EXTI0_IRQHandler
                0x080001fc                I2C2_EV_IRQHandler
                0x080001fc                DMA1_Stream2_IRQHandler
                0x080001fc                CAN1_RX0_IRQHandler
                0x080001fc                FPU_IRQHandler
                0x080001fc                OTG_HS_WKUP_IRQHandler
                0x080001fc                UsageFault_Handler
                0x080001fc                CAN2_SCE_IRQHandler
                0x080001fc                DMA2_Stream2_IRQHandler
                0x080001fc                SPI1_IRQHandler
                0x080001fc                TIM6_DAC_IRQHandler
                0x080001fc                TIM1_BRK_TIM9_IRQHandler
                0x080001fc                DCMI_IRQHandler
                0x080001fc                CAN2_RX0_IRQHandler
                0x080001fc                DMA2_Stream3_IRQHandler
                0x080001fc                USART6_IRQHandler
                0x080001fc                USART3_IRQHandler
                0x080001fc                CRYP_IRQHandler
                0x080001fc                CAN1_RX1_IRQHandler
                0x080001fc                UART5_IRQHandler
                0x080001fc                DMA2_Stream0_IRQHandler
                0x080001fc                TIM4_IRQHandler
                0x080001fc                I2C1_EV_IRQHandler
                0x080001fc                DMA1_Stream6_IRQHandler
                0x080001fc                DMA1_Stream1_IRQHandler
                0x080001fc                UART4_IRQHandler
                0x080001fc                TIM3_IRQHandler
                0x080001fc                RCC_IRQHandler
                0x080001fc                TIM8_BRK_TIM12_IRQHandler
                0x080001fc                EXTI15_10_IRQHandler
                0x080001fc                ADC_IRQHandler
                0x080001fc                DMA1_Stream7_IRQHandler
                0x080001fc                TIM7_IRQHandler
                0x080001fc                CAN2_TX_IRQHandler
                0x080001fc                TIM5_IRQHandler
                0x080001fc                DMA2_Stream7_IRQHandler
                0x080001fc                I2C3_EV_IRQHandler
                0x080001fc                EXTI9_5_IRQHandler
                0x080001fc                RTC_WKUP_IRQHandler
                0x080001fc                ETH_WKUP_IRQHandler
                0x080001fc                SPI2_IRQHandler
                0x080001fc                OTG_HS_EP1_IN_IRQHandler
                0x080001fc                MemManage_Handler
                0x080001fc                DMA1_Stream0_IRQHandler
                0x080001fc                CAN1_TX_IRQHandler
                0x080001fc                EXTI4_IRQHandler
                0x080001fc                FSMC_IRQHandler
                0x080001fc                ETH_IRQHandler
                0x080001fc                OTG_HS_EP1_OUT_IRQHandler
                0x080001fc                WWDG_IRQHandler
                0x080001fc                TIM2_IRQHandler
                0x080001fc                OTG_FS_WKUP_IRQHandler
                0x080001fc                TIM1_TRG_COM_TIM11_IRQHandler
                0x080001fc                OTG_HS_IRQHandler
                0x080001fc                EXTI1_IRQHandler
                0x080001fc                USART2_IRQHandler
                0x080001fc                I2C2_ER_IRQHandler
                0x080001fc                DMA2_Stream1_IRQHandler
                0x080001fc                CAN1_SCE_IRQHandler
                0x080001fc                FLASH_IRQHandler
                0x080001fc                DMA2_Stream4_IRQHandler
                0x080001fc                BusFault_Handler
                0x080001fc                USART1_IRQHandler
                0x080001fc                OTG_FS_IRQHandler
                0x080001fc                SPI3_IRQHandler
                0x080001fc                DMA1_Stream4_IRQHandler
                0x080001fc                I2C1_ER_IRQHandler
                0x080001fc                DMA2_Stream6_IRQHandler
                0x080001fc                DMA1_Stream3_IRQHandler
 .text.prvSetupHardware
                0x08000204       0x48 ..\obj\main.o
 .text.prvLedBlink1
                0x0800024c       0x34 ..\obj\main.o
 .text.prvLedBlink2
                0x08000280       0x3c ..\obj\main.o
 .text.prvLedBlink3
                0x080002bc       0x3c ..\obj\main.o
 .text.prvLedBlink4
                0x080002f8       0x3c ..\obj\main.o
 .text.main     0x08000334       0xcc ..\obj\main.o
                0x08000334                main
 .text.RCC_AHB1PeriphClockCmd
                0x08000400       0x44 ..\obj\stm32f4xx_rcc.o
                0x08000400                RCC_AHB1PeriphClockCmd
 .text.xTaskGenericCreate
                0x08000444      0x160 ..\obj\tasks.o
                0x08000444                xTaskGenericCreate
 .text.vTaskDelay
                0x080005a4       0x58 ..\obj\tasks.o
                0x080005a4                vTaskDelay
 .text.vTaskStartScheduler
                0x080005fc       0x68 ..\obj\tasks.o
                0x080005fc                vTaskStartScheduler
 .text.vTaskSuspendAll
                0x08000664       0x1c ..\obj\tasks.o
                0x08000664                vTaskSuspendAll
 .text.xTaskResumeAll
                0x08000680      0x114 ..\obj\tasks.o
                0x08000680                xTaskResumeAll
 .text.vTaskIncrementTick
                0x08000794      0x13c ..\obj\tasks.o
                0x08000794                vTaskIncrementTick
 .text.vTaskSwitchContext
                0x080008d0       0xa4 ..\obj\tasks.o
                0x080008d0                vTaskSwitchContext
 .text.prvIdleTask
                0x08000974       0x24 ..\obj\tasks.o
 .text.prvInitialiseTCBVariables
                0x08000998       0x7c ..\obj\tasks.o
 .text.prvInitialiseTaskLists
                0x08000a14       0x88 ..\obj\tasks.o
 .text.prvCheckTasksWaitingTermination
                0x08000a9c       0x7c ..\obj\tasks.o
 .text.prvAddCurrentTaskToDelayedList
                0x08000b18       0x70 ..\obj\tasks.o
 .text.prvAllocateTCBAndStack
                0x08000b88       0x74 ..\obj\tasks.o
 .text.prvDeleteTCB
                0x08000bfc       0x20 ..\obj\tasks.o
 .text.GPIO_Init
                0x08000c1c      0x148 ..\obj\stm32f4xx_gpio.o
                0x08000c1c                GPIO_Init
 .text.GPIO_SetBits
                0x08000d64       0x1c ..\obj\stm32f4xx_gpio.o
                0x08000d64                GPIO_SetBits
 .text.GPIO_ResetBits
                0x08000d80       0x1c ..\obj\stm32f4xx_gpio.o
                0x08000d80                GPIO_ResetBits
 .text.vListInitialise
                0x08000d9c       0x48 ..\obj\list.o
                0x08000d9c                vListInitialise
 .text.vListInitialiseItem
                0x08000de4       0x1c ..\obj\list.o
                0x08000de4                vListInitialiseItem
 .text.vListInsertEnd
                0x08000e00       0x50 ..\obj\list.o
                0x08000e00                vListInsertEnd
 .text.vListInsert
                0x08000e50       0x74 ..\obj\list.o
                0x08000e50                vListInsert
 .text.uxListRemove
                0x08000ec4       0x58 ..\obj\list.o
                0x08000ec4                uxListRemove
 .text.pxPortInitialiseStack
                0x08000f1c       0x70 ..\obj\port.o
                0x08000f1c                pxPortInitialiseStack
 .text.SVC_Handler
                0x08000f8c       0x1c ..\obj\port.o
                0x08000f8c                SVC_Handler
 .text.prvPortStartFirstTask
                0x08000fa8       0x14 ..\obj\port.o
 .text.xPortStartScheduler
                0x08000fbc       0x50 ..\obj\port.o
                0x08000fbc                xPortStartScheduler
 .text.vPortYieldFromISR
                0x0800100c       0x18 ..\obj\port.o
                0x0800100c                vPortYieldFromISR
 .text.vPortEnterCritical
                0x08001024       0x1c ..\obj\port.o
                0x08001024                vPortEnterCritical
 .text.vPortExitCritical
                0x08001040       0x28 ..\obj\port.o
                0x08001040                vPortExitCritical
 .text.ulPortSetInterruptMask
                0x08001068       0x14 ..\obj\port.o
                0x08001068                ulPortSetInterruptMask
 .text.vPortClearInterruptMask
                0x0800107c        0x8 ..\obj\port.o
                0x0800107c                vPortClearInterruptMask
 .text.PendSV_Handler
                0x08001084       0x50 ..\obj\port.o
                0x08001084                PendSV_Handler
 .text.SysTick_Handler
                0x080010d4       0x24 ..\obj\port.o
                0x080010d4                SysTick_Handler
 .text.vPortSetupTimerInterrupt
                0x080010f8       0x24 ..\obj\port.o
                0x080010f8                vPortSetupTimerInterrupt
 .text.vPortEnableVFP
                0x0800111c       0x14 ..\obj\port.o
 .text.pvPortMalloc
                0x08001130      0x15c ..\obj\heap_2.o
                0x08001130                pvPortMalloc
 .text.vPortFree
                0x0800128c       0x7c ..\obj\heap_2.o
                0x0800128c                vPortFree
 .text          0x08001308       0xb4 c:/windows/arm-2011.03-coocox/bin/../lib/gcc/arm-none-eabi/4.5.2/../../../../arm-none-eabi/lib/thumb2\libc.a(lib_a-memset.o)
                0x08001308                memset
 .text          0x080013bc       0x78 c:/windows/arm-2011.03-coocox/bin/../lib/gcc/arm-none-eabi/4.5.2/../../../../arm-none-eabi/lib/thumb2\libc.a(lib_a-strncpy.o)
                0x080013bc                strncpy
 *(.glue_7t)
 .glue_7t       0x00000000        0x0 linker stubs
 *(.glue_7)
 .glue_7        0x00000000        0x0 linker stubs
 *(.rodata .rodata* .gnu.linkonce.r.*)
 .rodata        0x08001434        0x4 ..\obj\main.o
 .rodata        0x08001438        0x8 ..\obj\tasks.o
 .rodata        0x08001440        0x2 ..\obj\heap_2.o

.vfp11_veneer   0x08001444        0x0 load address 0x08001442
 .vfp11_veneer  0x00000000        0x0 linker stubs

.v4_bx          0x08001444        0x0 load address 0x08001442
 .v4_bx         0x00000000        0x0 linker stubs

.ARM.extab
 *(.ARM.extab* .gnu.linkonce.armextab.*)

.ARM.exidx
 *(.ARM.exidx* .gnu.linkonce.armexidx.*)
                0x08001444                . = ALIGN (0x4)
                0x08001444                _etext = .
                0x08001444                _sidata = .

.data           0x20000000        0xc load address 0x08001444
                0x20000000                _sdata = .
 *(.data .data.*)
 .data          0x20000000        0x4 ..\obj\tasks.o
 .data          0x20000004        0x4 ..\obj\port.o
 .data          0x20000008        0x4 ..\obj\heap_2.o
                0x2000000c                . = ALIGN (0x4)
                0x2000000c                _edata = .

.bss            0x20000010     0x4518 load address 0x08001454
                0x20000010                _sbss = .
 *(.bss .bss.*)
 .bss           0x20000010      0x100 ..\obj\tasks.o
                0x20000010                pxCurrentTCB
 .bss           0x20000110     0x4418 ..\obj\heap_2.o
 *(COMMON)
                0x20004528                . = ALIGN (0x4)
                0x20004528                _ebss = .

.co_stack       0x20004528      0x800 load address 0x0800596c
                0x20004528                . = ALIGN (0x8)
 *(.co_stack .co_stack.*)
 .co_stack      0x20004528      0x800 ..\obj\startup_stm32f4xx.o
                0x20004528                pulStack
                0x20004d28                . = ALIGN (0x4)
                0x20004d28                _end = .
LOAD ..\obj\stm32f4xx_sdio.o
LOAD ..\obj\startup_stm32f4xx.o
LOAD ..\obj\main.o
LOAD ..\obj\stm32f4xx_rcc.o
LOAD ..\obj\timers.o
LOAD ..\obj\tasks.o
LOAD ..\obj\stm32f4xx_gpio.o
LOAD ..\obj\list.o
LOAD ..\obj\system_stm32f4xx.o
LOAD ..\obj\port.o
LOAD ..\obj\queue.o
LOAD ..\obj\croutine.o
LOAD ..\obj\misc.o
LOAD ..\obj\heap_2.o
START GROUP
LOAD c:/windows/arm-2011.03-coocox/bin/../lib/gcc/arm-none-eabi/4.5.2/thumb2\libgcc.a
LOAD c:/windows/arm-2011.03-coocox/bin/../lib/gcc/arm-none-eabi/4.5.2/../../../../arm-none-eabi/lib/thumb2\libc.a
END GROUP
OUTPUT(WSAU_STM32F407VG_Flash.elf elf32-littlearm)

.debug_abbrev   0x00000000     0x108d
 .debug_abbrev  0x00000000      0x16d ..\obj\stm32f4xx_sdio.o
 .debug_abbrev  0x0000016d       0xac ..\obj\startup_stm32f4xx.o
 .debug_abbrev  0x00000219      0x129 ..\obj\main.o
 .debug_abbrev  0x00000342      0x1b7 ..\obj\stm32f4xx_rcc.o
 .debug_abbrev  0x000004f9       0x28 ..\obj\timers.o
 .debug_abbrev  0x00000521      0x182 ..\obj\tasks.o
 .debug_abbrev  0x000006a3      0x182 ..\obj\stm32f4xx_gpio.o
 .debug_abbrev  0x00000825       0xb8 ..\obj\list.o
 .debug_abbrev  0x000008dd      0x140 ..\obj\system_stm32f4xx.o
 .debug_abbrev  0x00000a1d      0x15f ..\obj\port.o
 .debug_abbrev  0x00000b7c      0x109 ..\obj\queue.o
 .debug_abbrev  0x00000c85      0x186 ..\obj\croutine.o
 .debug_abbrev  0x00000e0b      0x126 ..\obj\misc.o
 .debug_abbrev  0x00000f31      0x15c ..\obj\heap_2.o

.debug_info     0x00000000     0x4e1a
 .debug_info    0x00000000      0x8a4 ..\obj\stm32f4xx_sdio.o
 .debug_info    0x000008a4      0x135 ..\obj\startup_stm32f4xx.o
 .debug_info    0x000009d9      0x370 ..\obj\main.o
 .debug_info    0x00000d49      0xd24 ..\obj\stm32f4xx_rcc.o
 .debug_info    0x00001a6d       0x4c ..\obj\timers.o
 .debug_info    0x00001ab9      0xd86 ..\obj\tasks.o
 .debug_info    0x0000283f      0x639 ..\obj\stm32f4xx_gpio.o
 .debug_info    0x00002e78      0x2aa ..\obj\list.o
 .debug_info    0x00003122      0x61d ..\obj\system_stm32f4xx.o
 .debug_info    0x0000373f      0x21e ..\obj\port.o
 .debug_info    0x0000395d      0x7c1 ..\obj\queue.o
 .debug_info    0x0000411e      0x4b1 ..\obj\croutine.o
 .debug_info    0x000045cf      0x594 ..\obj\misc.o
 .debug_info    0x00004b63      0x2b7 ..\obj\heap_2.o

.debug_line     0x00000000     0x27e3
 .debug_line    0x00000000      0x440 ..\obj\stm32f4xx_sdio.o
 .debug_line    0x00000440       0xb2 ..\obj\startup_stm32f4xx.o
 .debug_line    0x000004f2      0x320 ..\obj\main.o
 .debug_line    0x00000812      0x597 ..\obj\stm32f4xx_rcc.o
 .debug_line    0x00000da9       0x1d ..\obj\timers.o
 .debug_line    0x00000dc6      0x6d2 ..\obj\tasks.o
 .debug_line    0x00001498      0x33b ..\obj\stm32f4xx_gpio.o
 .debug_line    0x000017d3      0x1ba ..\obj\list.o
 .debug_line    0x0000198d      0x21d ..\obj\system_stm32f4xx.o
 .debug_line    0x00001baa      0x20a ..\obj\port.o
 .debug_line    0x00001db4      0x3ec ..\obj\queue.o
 .debug_line    0x000021a0      0x284 ..\obj\croutine.o
 .debug_line    0x00002424      0x241 ..\obj\misc.o
 .debug_line    0x00002665      0x17e ..\obj\heap_2.o

.debug_loc      0x00000000     0x2608
 .debug_loc     0x00000000      0x648 ..\obj\stm32f4xx_sdio.o
 .debug_loc     0x00000648       0x64 ..\obj\startup_stm32f4xx.o
 .debug_loc     0x000006ac      0x150 ..\obj\main.o
 .debug_loc     0x000007fc      0x97c ..\obj\stm32f4xx_rcc.o
 .debug_loc     0x00001178      0x740 ..\obj\tasks.o
 .debug_loc     0x000018b8      0x310 ..\obj\stm32f4xx_gpio.o
 .debug_loc     0x00001bc8      0x118 ..\obj\list.o
 .debug_loc     0x00001ce0       0x9c ..\obj\system_stm32f4xx.o
 .debug_loc     0x00001d7c      0x16c ..\obj\port.o
 .debug_loc     0x00001ee8      0x3b8 ..\obj\queue.o
 .debug_loc     0x000022a0      0x188 ..\obj\croutine.o
 .debug_loc     0x00002428      0x118 ..\obj\misc.o
 .debug_loc     0x00002540       0xc8 ..\obj\heap_2.o

.debug_pubnames
                0x00000000      0xfb8
 .debug_pubnames
                0x00000000      0x2ac ..\obj\stm32f4xx_sdio.o
 .debug_pubnames
                0x000002ac       0x4a ..\obj\startup_stm32f4xx.o
 .debug_pubnames
                0x000002f6       0x1b ..\obj\main.o
 .debug_pubnames
                0x00000311      0x417 ..\obj\stm32f4xx_rcc.o
 .debug_pubnames
                0x00000728      0x28b ..\obj\tasks.o
 .debug_pubnames
                0x000009b3      0x12d ..\obj\stm32f4xx_gpio.o
 .debug_pubnames
                0x00000ae0       0x72 ..\obj\list.o
 .debug_pubnames
                0x00000b52       0x61 ..\obj\system_stm32f4xx.o
 .debug_pubnames
                0x00000bb3      0x13d ..\obj\port.o
 .debug_pubnames
                0x00000cf0      0x145 ..\obj\queue.o
 .debug_pubnames
                0x00000e35       0x96 ..\obj\croutine.o
 .debug_pubnames
                0x00000ecb       0x89 ..\obj\misc.o
 .debug_pubnames
                0x00000f54       0x64 ..\obj\heap_2.o

.debug_pubtypes
                0x00000000      0x7c2
 .debug_pubtypes
                0x00000000       0xbe ..\obj\stm32f4xx_sdio.o
 .debug_pubtypes
                0x000000be       0xc5 ..\obj\main.o
 .debug_pubtypes
                0x00000183       0xaa ..\obj\stm32f4xx_rcc.o
 .debug_pubtypes
                0x0000022d       0x12 ..\obj\timers.o
 .debug_pubtypes
                0x0000023f      0x10c ..\obj\tasks.o
 .debug_pubtypes
                0x0000034b       0xce ..\obj\stm32f4xx_gpio.o
 .debug_pubtypes
                0x00000419       0x7a ..\obj\list.o
 .debug_pubtypes
                0x00000493       0x83 ..\obj\system_stm32f4xx.o
 .debug_pubtypes
                0x00000516       0x33 ..\obj\port.o
 .debug_pubtypes
                0x00000549       0xd4 ..\obj\queue.o
 .debug_pubtypes
                0x0000061d       0xcd ..\obj\croutine.o
 .debug_pubtypes
                0x000006ea       0x8c ..\obj\misc.o
 .debug_pubtypes
                0x00000776       0x4c ..\obj\heap_2.o

.debug_aranges  0x00000000      0x700
 .debug_aranges
                0x00000000      0x108 ..\obj\stm32f4xx_sdio.o
 .debug_aranges
                0x00000108       0x28 ..\obj\startup_stm32f4xx.o
 .debug_aranges
                0x00000130       0x48 ..\obj\main.o
 .debug_aranges
                0x00000178      0x178 ..\obj\stm32f4xx_rcc.o
 .debug_aranges
                0x000002f0      0x128 ..\obj\tasks.o
 .debug_aranges
                0x00000418       0x88 ..\obj\stm32f4xx_gpio.o
 .debug_aranges
                0x000004a0       0x40 ..\obj\list.o
 .debug_aranges
                0x000004e0       0x30 ..\obj\system_stm32f4xx.o
 .debug_aranges
                0x00000510       0x88 ..\obj\port.o
 .debug_aranges
                0x00000598       0xa0 ..\obj\queue.o
 .debug_aranges
                0x00000638       0x50 ..\obj\croutine.o
 .debug_aranges
                0x00000688       0x40 ..\obj\misc.o
 .debug_aranges
                0x000006c8       0x38 ..\obj\heap_2.o

.debug_ranges   0x00000000      0x630
 .debug_ranges  0x00000000       0xf8 ..\obj\stm32f4xx_sdio.o
 .debug_ranges  0x000000f8       0x18 ..\obj\startup_stm32f4xx.o
 .debug_ranges  0x00000110       0x38 ..\obj\main.o
 .debug_ranges  0x00000148      0x168 ..\obj\stm32f4xx_rcc.o
 .debug_ranges  0x000002b0      0x118 ..\obj\tasks.o
 .debug_ranges  0x000003c8       0x78 ..\obj\stm32f4xx_gpio.o
 .debug_ranges  0x00000440       0x30 ..\obj\list.o
 .debug_ranges  0x00000470       0x20 ..\obj\system_stm32f4xx.o
 .debug_ranges  0x00000490       0x78 ..\obj\port.o
 .debug_ranges  0x00000508       0x90 ..\obj\queue.o
 .debug_ranges  0x00000598       0x40 ..\obj\croutine.o
 .debug_ranges  0x000005d8       0x30 ..\obj\misc.o
 .debug_ranges  0x00000608       0x28 ..\obj\heap_2.o

.debug_str      0x00000000     0x25ab
 .debug_str     0x00000000      0x55e ..\obj\stm32f4xx_sdio.o
                                0x5b9 (size before relaxing)
 .debug_str     0x0000055e       0xc1 ..\obj\startup_stm32f4xx.o
                                 0xec (size before relaxing)
 .debug_str     0x0000061f      0x245 ..\obj\main.o
                                0x302 (size before relaxing)
 .debug_str     0x00000864      0x678 ..\obj\stm32f4xx_rcc.o
                                0x7be (size before relaxing)
 .debug_str     0x00000edc       0x52 ..\obj\timers.o
                                 0xa5 (size before relaxing)
 .debug_str     0x00000f2e      0x80a ..\obj\tasks.o
                                0x8da (size before relaxing)
 .debug_str     0x00001738      0x1b4 ..\obj\stm32f4xx_gpio.o
                                0x411 (size before relaxing)
 .debug_str     0x000018ec       0xe4 ..\obj\list.o
                                0x217 (size before relaxing)
 .debug_str     0x000019d0      0x129 ..\obj\system_stm32f4xx.o
                                0x318 (size before relaxing)
 .debug_str     0x00001af9      0x1a6 ..\obj\port.o
                                0x22c (size before relaxing)
 .debug_str     0x00001c9f      0x30c ..\obj\queue.o
                                0x4c4 (size before relaxing)
 .debug_str     0x00001fab      0x288 ..\obj\croutine.o
                                0x3e5 (size before relaxing)
 .debug_str     0x00002233      0x1de ..\obj\misc.o
                                0x347 (size before relaxing)
 .debug_str     0x00002411      0x19a ..\obj\heap_2.o
                                0x241 (size before relaxing)

.comment        0x00000000       0x11
 .comment       0x00000000       0x11 ..\obj\stm32f4xx_sdio.o
                                 0x12 (size before relaxing)
 .comment       0x00000000       0x12 ..\obj\startup_stm32f4xx.o
 .comment       0x00000000       0x12 ..\obj\main.o
 .comment       0x00000000       0x12 ..\obj\stm32f4xx_rcc.o
 .comment       0x00000000       0x12 ..\obj\timers.o
 .comment       0x00000000       0x12 ..\obj\tasks.o
 .comment       0x00000000       0x12 ..\obj\stm32f4xx_gpio.o
 .comment       0x00000000       0x12 ..\obj\list.o
 .comment       0x00000000       0x12 ..\obj\system_stm32f4xx.o
 .comment       0x00000000       0x12 ..\obj\port.o
 .comment       0x00000000       0x12 ..\obj\queue.o
 .comment       0x00000000       0x12 ..\obj\croutine.o
 .comment       0x00000000       0x12 ..\obj\misc.o
 .comment       0x00000000       0x12 ..\obj\heap_2.o

.ARM.attributes
                0x00000000       0x37
 .ARM.attributes
                0x00000000       0x37 ..\obj\stm32f4xx_sdio.o
 .ARM.attributes
                0x00000037       0x37 ..\obj\startup_stm32f4xx.o
 .ARM.attributes
                0x0000006e       0x37 ..\obj\main.o
 .ARM.attributes
                0x000000a5       0x37 ..\obj\stm32f4xx_rcc.o
 .ARM.attributes
                0x000000dc       0x37 ..\obj\timers.o
 .ARM.attributes
                0x00000113       0x37 ..\obj\tasks.o
 .ARM.attributes
                0x0000014a       0x37 ..\obj\stm32f4xx_gpio.o
 .ARM.attributes
                0x00000181       0x37 ..\obj\list.o
 .ARM.attributes
                0x000001b8       0x37 ..\obj\system_stm32f4xx.o
 .ARM.attributes
                0x000001ef       0x37 ..\obj\port.o
 .ARM.attributes
                0x00000226       0x37 ..\obj\queue.o
 .ARM.attributes
                0x0000025d       0x37 ..\obj\croutine.o
 .ARM.attributes
                0x00000294       0x37 ..\obj\misc.o
 .ARM.attributes
                0x000002cb       0x37 ..\obj\heap_2.o
 .ARM.attributes
                0x00000302       0x29 c:/windows/arm-2011.03-coocox/bin/../lib/gcc/arm-none-eabi/4.5.2/../../../../arm-none-eabi/lib/thumb2\libc.a(lib_a-memcpy.o)
 .ARM.attributes
                0x0000032b       0x29 c:/windows/arm-2011.03-coocox/bin/../lib/gcc/arm-none-eabi/4.5.2/../../../../arm-none-eabi/lib/thumb2\libc.a(lib_a-memset.o)
 .ARM.attributes
                0x00000354       0x29 c:/windows/arm-2011.03-coocox/bin/../lib/gcc/arm-none-eabi/4.5.2/../../../../arm-none-eabi/lib/thumb2\libc.a(lib_a-strncpy.o)

.debug_frame    0x00000000     0x15f0
 .debug_frame   0x00000000      0x344 ..\obj\stm32f4xx_sdio.o
 .debug_frame   0x00000344       0x48 ..\obj\startup_stm32f4xx.o
 .debug_frame   0x0000038c       0xd0 ..\obj\main.o
 .debug_frame   0x0000045c      0x4d8 ..\obj\stm32f4xx_rcc.o
 .debug_frame   0x00000934      0x424 ..\obj\tasks.o
 .debug_frame   0x00000d58      0x19c ..\obj\stm32f4xx_gpio.o
 .debug_frame   0x00000ef4       0x9c ..\obj\list.o
 .debug_frame   0x00000f90       0x64 ..\obj\system_stm32f4xx.o
 .debug_frame   0x00000ff4      0x144 ..\obj\port.o
 .debug_frame   0x00001138      0x224 ..\obj\queue.o
 .debug_frame   0x0000135c       0xf0 ..\obj\croutine.o
 .debug_frame   0x0000144c       0x9c ..\obj\misc.o
 .debug_frame   0x000014e8       0x80 ..\obj\heap_2.o
 .debug_frame   0x00001568       0x30 c:/windows/arm-2011.03-coocox/bin/../lib/gcc/arm-none-eabi/4.5.2/../../../../arm-none-eabi/lib/thumb2\libc.a(lib_a-memcpy.o)
 .debug_frame   0x00001598       0x2c c:/windows/arm-2011.03-coocox/bin/../lib/gcc/arm-none-eabi/4.5.2/../../../../arm-none-eabi/lib/thumb2\libc.a(lib_a-memset.o)
 .debug_frame   0x000015c4       0x2c c:/windows/arm-2011.03-coocox/bin/../lib/gcc/arm-none-eabi/4.5.2/../../../../arm-none-eabi/lib/thumb2\libc.a(lib_a-strncpy.o)
